select * from emp;

     EMPNO ENAME      JOB              MGR HIREDATE         SAL       COMM      
---------- ---------- --------- ---------- --------- ---------- ----------      
    DEPTNO                                                                      
----------                                                                      
      7369 SMITH      CLERK           7902 17-DEC-80        800                 
        20                                                                      
                                                                                
      7499 ALLEN      SALESMAN        7698 20-FEB-81       1600        300      
        30                                                                      
                                                                                
      7521 WARD       SALESMAN        7698 22-FEB-81       1250        500      
        30                                                                      
                                                                                

     EMPNO ENAME      JOB              MGR HIREDATE         SAL       COMM      
---------- ---------- --------- ---------- --------- ---------- ----------      
    DEPTNO                                                                      
----------                                                                      
      7566 JONES      MANAGER         7839 02-APR-81       2975                 
        20                                                                      
                                                                                
      7654 MARTIN     SALESMAN        7698 28-SEP-81       1250       1400      
        30                                                                      
                                                                                
      7698 BLAKE      MANAGER         7839 01-MAY-81       2850                 
        30                                                                      
                                                                                

     EMPNO ENAME      JOB              MGR HIREDATE         SAL       COMM      
---------- ---------- --------- ---------- --------- ---------- ----------      
    DEPTNO                                                                      
----------                                                                      
      7782 CLARK      MANAGER         7839 09-JUN-81       2450                 
        10                                                                      
                                                                                
      7788 SCOTT      ANALYST         7566 19-APR-87       3000                 
        20                                                                      
                                                                                
      7839 KING       PRESIDENT            17-NOV-81       5000                 
        10                                                                      
                                                                                

     EMPNO ENAME      JOB              MGR HIREDATE         SAL       COMM      
---------- ---------- --------- ---------- --------- ---------- ----------      
    DEPTNO                                                                      
----------                                                                      
      7844 TURNER     SALESMAN        7698 08-SEP-81       1500          0      
        30                                                                      
                                                                                
      7876 ADAMS      CLERK           7788 23-MAY-87       1100                 
        20                                                                      
                                                                                
      7900 JAMES      CLERK           7698 03-DEC-81        950                 
        30                                                                      
                                                                                

     EMPNO ENAME      JOB              MGR HIREDATE         SAL       COMM      
---------- ---------- --------- ---------- --------- ---------- ----------      
    DEPTNO                                                                      
----------                                                                      
      7902 FORD       ANALYST         7566 03-DEC-81       3000                 
        20                                                                      
                                                                                
      7934 MILLER     CLERK           7782 23-JAN-82       1300                 
        10                                                                      
                                                                                

14 rows selected.

SQL> select * from Employee;

    EMP_ID EMP_NAME             POST           MER_ID HIRE_DATE     SALARY      
---------- -------------------- ---------- ---------- --------- ----------      
COMMISSION    DEPT_ID                                                           
---------- ----------                                                           
     12345 Bansi padia          clerk                 18-NOV-90      15000      
                   10                                                           
                                                                                
     13254 Radha Sharma         Salesman        12345 25-NOV-90      12000      
      4000         20                                                           
                                                                                
     12675 Tanmay Domadiya      President             05-JUL-85      12400      
                   10                                                           
                                                                                

    EMP_ID EMP_NAME             POST           MER_ID HIRE_DATE     SALARY      
---------- -------------------- ---------- ---------- --------- ----------      
COMMISSION    DEPT_ID                                                           
---------- ----------                                                           
     13457 Suraj prakash        Salesman        12345 12-AUG-92      14650      
      1700         30                                                           
                                                                                
     14567 Seema Lava           Programmer      13654 17-JUL-94      35000      
                   10                                                           
                                                                                
     16754 Krupa Vala           Programmer      13654 13-AUG-92      30000      
                   10                                                           
                                                                                

    EMP_ID EMP_NAME             POST           MER_ID HIRE_DATE     SALARY      
---------- -------------------- ---------- ---------- --------- ----------      
COMMISSION    DEPT_ID                                                           
---------- ----------                                                           
     14562 Kalpana Joshi        clerk                 17-SEP-90      17000      
                   40                                                           
                                                                                
     12435 Kevel Raval          Salesman        12345 17-OCT-90      18000      
      6500         20                                                           
                                                                                
     13654 Parth Vasoya         Analyst         12675 27-DEC-95      90000      
                   10                                                           
                                                                                

    EMP_ID EMP_NAME             POST           MER_ID HIRE_DATE     SALARY      
---------- -------------------- ---------- ---------- --------- ----------      
COMMISSION    DEPT_ID                                                           
---------- ----------                                                           
     18654 Ramesh Vasoya        Analyst         12675 15-MAY-93      85000      
                   10                                                           
                                                                                
     10234 Vanita Vaghela       Clear                 18-NOV-90      15000      
                   10                                                           
                                                                                

11 rows selected.

SQL> select * from dept;

    DEPTNO DNAME          LOC                                                   
---------- -------------- -------------                                         
        10 ACCOUNTING     NEW YORK                                              
        20 RESEARCH       DALLAS                                                
        30 SALES          CHICAGO                                               
        40 OPERATIONS     BOSTON                                                

SQL> select * from Department;

   DEPT_NO DEPART_NAME          LOCATION                                        
---------- -------------------- ---------------                                 
        10 IT                   Anand                                           
        20 Sales                Bombay                                          
        30 Purchase             Surat                                           
        40 Finance              Anand                                           
        50 Marketing            Surat                                           

SQL> alter table Department MODIFY(Location DEFAULT 'Rajkot');

Table altered.

SQL> insert into Department values(60,'HR',DEFAULT);

1 row created.

SQL> select * from Department;

   DEPT_NO DEPART_NAME          LOCATION                                        
---------- -------------------- ---------------                                 
        10 IT                   Anand                                           
        20 Sales                Bombay                                          
        30 Purchase             Surat                                           
        40 Finance              Anand                                           
        50 Marketing            Surat                                           
        60 HR                   Rajkot                                          

6 rows selected.

SQL> select * from Employee where salary BETWEEN 20000 AND 90000;

    EMP_ID EMP_NAME             POST           MER_ID HIRE_DATE     SALARY      
---------- -------------------- ---------- ---------- --------- ----------      
COMMISSION    DEPT_ID                                                           
---------- ----------                                                           
     14567 Seema Lava           Programmer      13654 17-JUL-94      35000      
                   10                                                           
                                                                                
     16754 Krupa Vala           Programmer      13654 13-AUG-92      30000      
                   10                                                           
                                                                                
     13654 Parth Vasoya         Analyst         12675 27-DEC-95      90000      
                   10                                                           
                                                                                

    EMP_ID EMP_NAME             POST           MER_ID HIRE_DATE     SALARY      
---------- -------------------- ---------- ---------- --------- ----------      
COMMISSION    DEPT_ID                                                           
---------- ----------                                                           
     18654 Ramesh Vasoya        Analyst         12675 15-MAY-93      85000      
                   10                                                           
                                                                                

SQL> set linesize 100;
SQL>  select * from Employee where salary BETWEEN 20000 AND 90000;

    EMP_ID EMP_NAME             POST           MER_ID HIRE_DATE     SALARY COMMISSION    DEPT_ID    
---------- -------------------- ---------- ---------- --------- ---------- ---------- ----------    
     14567 Seema Lava           Programmer      13654 17-JUL-94      35000                    10    
     16754 Krupa Vala           Programmer      13654 13-AUG-92      30000                    10    
     13654 Parth Vasoya         Analyst         12675 27-DEC-95      90000                    10    
     18654 Ramesh Vasoya        Analyst         12675 15-MAY-93      85000                    10    

SQL> select * from Employee where dept_id=10;

    EMP_ID EMP_NAME             POST           MER_ID HIRE_DATE     SALARY COMMISSION    DEPT_ID    
---------- -------------------- ---------- ---------- --------- ---------- ---------- ----------    
     12345 Bansi padia          clerk                 18-NOV-90      15000                    10    
     12675 Tanmay Domadiya      President             05-JUL-85      12400                    10    
     14567 Seema Lava           Programmer      13654 17-JUL-94      35000                    10    
     16754 Krupa Vala           Programmer      13654 13-AUG-92      30000                    10    
     13654 Parth Vasoya         Analyst         12675 27-DEC-95      90000                    10    
     18654 Ramesh Vasoya        Analyst         12675 15-MAY-93      85000                    10    
     10234 Vanita Vaghela       Clear                 18-NOV-90      15000                    10    

7 rows selected.

SQL> select * from Employee where salary > 25000 and dept_id=10;

    EMP_ID EMP_NAME             POST           MER_ID HIRE_DATE     SALARY COMMISSION    DEPT_ID    
---------- -------------------- ---------- ---------- --------- ---------- ---------- ----------    
     14567 Seema Lava           Programmer      13654 17-JUL-94      35000                    10    
     16754 Krupa Vala           Programmer      13654 13-AUG-92      30000                    10    
     13654 Parth Vasoya         Analyst         12675 27-DEC-95      90000                    10    
     18654 Ramesh Vasoya        Analyst         12675 15-MAY-93      85000                    10    

SQL> select emp_name, post, salary from Employee;

EMP_NAME             POST           SALARY                                                          
-------------------- ---------- ----------                                                          
Bansi padia          clerk           15000                                                          
Radha Sharma         Salesman        12000                                                          
Tanmay Domadiya      President       12400                                                          
Suraj prakash        Salesman        14650                                                          
Seema Lava           Programmer      35000                                                          
Krupa Vala           Programmer      30000                                                          
Kalpana Joshi        clerk           17000                                                          
Kevel Raval          Salesman        18000                                                          
Parth Vasoya         Analyst         90000                                                          
Ramesh Vasoya        Analyst         85000                                                          
Vanita Vaghela       Clear           15000                                                          

11 rows selected.

SQL> select SUM(salary)AS total_salary from Employee;

TOTAL_SALARY                                                                                        
------------                                                                                        
      344050                                                                                        

SQL> alter table Employee MODIFY(salary number(5);
alter table Employee MODIFY(salary number(5)
                                           *
ERROR at line 1:
ORA-00907: missing right parenthesis 


SQL> desc employee;
 Name                                                  Null?    Type
 ----------------------------------------------------- -------- ------------------------------------
 EMP_ID                                                NOT NULL NUMBER(5)
 EMP_NAME                                              NOT NULL VARCHAR2(20)
 POST                                                           VARCHAR2(10)
 MER_ID                                                         NUMBER(5)
 HIRE_DATE                                                      DATE
 SALARY                                                         NUMBER(5)
 COMMISSION                                                     NUMBER(4)
 DEPT_ID                                                        NUMBER(2)

SQL>  alter table Employee MODIFY(salary number(6));

Table altered.

SQL> desc employee;
 Name                                                  Null?    Type
 ----------------------------------------------------- -------- ------------------------------------
 EMP_ID                                                NOT NULL NUMBER(5)
 EMP_NAME                                              NOT NULL VARCHAR2(20)
 POST                                                           VARCHAR2(10)
 MER_ID                                                         NUMBER(5)
 HIRE_DATE                                                      DATE
 SALARY                                                         NUMBER(6)
 COMMISSION                                                     NUMBER(4)
 DEPT_ID                                                        NUMBER(2)

SQL> delete from Employee where emp_id=10234;

1 row deleted.

SQL> select * from Emoployee;
select * from Emoployee
              *
ERROR at line 1:
ORA-00942: table or view does not exist 


SQL> select * from Employee;

    EMP_ID EMP_NAME             POST           MER_ID HIRE_DATE     SALARY COMMISSION    DEPT_ID    
---------- -------------------- ---------- ---------- --------- ---------- ---------- ----------    
     12345 Bansi padia          clerk                 18-NOV-90      15000                    10    
     13254 Radha Sharma         Salesman        12345 25-NOV-90      12000       4000         20    
     12675 Tanmay Domadiya      President             05-JUL-85      12400                    10    
     13457 Suraj prakash        Salesman        12345 12-AUG-92      14650       1700         30    
     14567 Seema Lava           Programmer      13654 17-JUL-94      35000                    10    
     16754 Krupa Vala           Programmer      13654 13-AUG-92      30000                    10    
     14562 Kalpana Joshi        clerk                 17-SEP-90      17000                    40    
     12435 Kevel Raval          Salesman        12345 17-OCT-90      18000       6500         20    
     13654 Parth Vasoya         Analyst         12675 27-DEC-95      90000                    10    
     18654 Ramesh Vasoya        Analyst         12675 15-MAY-93      85000                    10    

10 rows selected.

SQL> update Employee set salary=124000 where emp_id=12675;

1 row updated.

SQL> select * from Employee;

    EMP_ID EMP_NAME             POST           MER_ID HIRE_DATE     SALARY COMMISSION    DEPT_ID    
---------- -------------------- ---------- ---------- --------- ---------- ---------- ----------    
     12345 Bansi padia          clerk                 18-NOV-90      15000                    10    
     13254 Radha Sharma         Salesman        12345 25-NOV-90      12000       4000         20    
     12675 Tanmay Domadiya      President             05-JUL-85     124000                    10    
     13457 Suraj prakash        Salesman        12345 12-AUG-92      14650       1700         30    
     14567 Seema Lava           Programmer      13654 17-JUL-94      35000                    10    
     16754 Krupa Vala           Programmer      13654 13-AUG-92      30000                    10    
     14562 Kalpana Joshi        clerk                 17-SEP-90      17000                    40    
     12435 Kevel Raval          Salesman        12345 17-OCT-90      18000       6500         20    
     13654 Parth Vasoya         Analyst         12675 27-DEC-95      90000                    10    
     18654 Ramesh Vasoya        Analyst         12675 15-MAY-93      85000                    10    

10 rows selected.

SQL>  select SUM(salary)AS total_salary from Employee;

TOTAL_SALARY                                                                                        
------------                                                                                        
      440650                                                                                        

SQL> select * from Department where location='Anand';

   DEPT_NO DEPART_NAME          LOCATION                                                            
---------- -------------------- ---------------                                                     
        10 IT                   Anand                                                               
        40 Finance              Anand                                                               

SQL> select * from Department where Dept_no=10 or dept_no=20 or dept_no=40;

   DEPT_NO DEPART_NAME          LOCATION                                                            
---------- -------------------- ---------------                                                     
        10 IT                   Anand                                                               
        20 Sales                Bombay                                                              
        40 Finance              Anand                                                               

SQL> select * from Department where dept_no=50;

   DEPT_NO DEPART_NAME          LOCATION                                                            
---------- -------------------- ---------------                                                     
        50 Marketing            Surat                                                               

SQL> select * from Department where Depart_name='IT' or depart_name='sales' or depart_name='marketing';

   DEPT_NO DEPART_NAME          LOCATION                                                            
---------- -------------------- ---------------                                                     
        10 IT                   Anand                                                               

SQL>  select * from Department where Depart_name='IT' or depart_name='Sales' or depart_name='
  2  Marketing';

   DEPT_NO DEPART_NAME          LOCATION                                                            
---------- -------------------- ---------------                                                     
        10 IT                   Anand                                                               
        20 Sales                Bombay                                                              

SQL>  select * from Department where Depart_name='IT' or depart_name='Sales' or depart_name='Marketing';

   DEPT_NO DEPART_NAME          LOCATION                                                            
---------- -------------------- ---------------                                                     
        10 IT                   Anand                                                               
        20 Sales                Bombay                                                              
        50 Marketing            Surat                                                               

SQL> select * from Employee where post='Analyst' or salary>50000;

    EMP_ID EMP_NAME             POST           MER_ID HIRE_DATE     SALARY COMMISSION    DEPT_ID    
---------- -------------------- ---------- ---------- --------- ---------- ---------- ----------    
     12675 Tanmay Domadiya      President             05-JUL-85     124000                    10    
     13654 Parth Vasoya         Analyst         12675 27-DEC-95      90000                    10    
     18654 Ramesh Vasoya        Analyst         12675 15-MAY-93      85000                    10    

SQL> select * from Employee where post!='President';

    EMP_ID EMP_NAME             POST           MER_ID HIRE_DATE     SALARY COMMISSION    DEPT_ID    
---------- -------------------- ---------- ---------- --------- ---------- ---------- ----------    
     12345 Bansi padia          clerk                 18-NOV-90      15000                    10    
     13254 Radha Sharma         Salesman        12345 25-NOV-90      12000       4000         20    
     13457 Suraj prakash        Salesman        12345 12-AUG-92      14650       1700         30    
     14567 Seema Lava           Programmer      13654 17-JUL-94      35000                    10    
     16754 Krupa Vala           Programmer      13654 13-AUG-92      30000                    10    
     14562 Kalpana Joshi        clerk                 17-SEP-90      17000                    40    
     12435 Kevel Raval          Salesman        12345 17-OCT-90      18000       6500         20    
     13654 Parth Vasoya         Analyst         12675 27-DEC-95      90000                    10    
     18654 Ramesh Vasoya        Analyst         12675 15-MAY-93      85000                    10    

9 rows selected.

SQL> select depart_name, location from Employee;
select depart_name, location from Employee
                    *
ERROR at line 1:
ORA-00904: "LOCATION": invalid identifier 


SQL> seletc Depart_name, LOCATION from Employee;
SP2-0734: unknown command beginning "seletc Dep..." - rest of line ignored.
SQL> select DEPART_NAME,  LOCATION from Employee;
select DEPART_NAME,  LOCATION from Employee
                     *
ERROR at line 1:
ORA-00904: "LOCATION": invalid identifier 


SQL> desc Department;
 Name                                                  Null?    Type
 ----------------------------------------------------- -------- ------------------------------------
 DEPT_NO                                               NOT NULL NUMBER(5)
 DEPART_NAME                                                    VARCHAR2(20)
 LOCATION                                                       VARCHAR2(15)

SQL> SELECT DEPART_NAME, LOCATION
  2  FROM Department;

DEPART_NAME          LOCATION                                                                       
-------------------- ---------------                                                                
IT                   Anand                                                                          
Sales                Bombay                                                                         
Purchase             Surat                                                                          
Finance              Anand                                                                          
Marketing            Surat                                                                          
HR                   Rajkot                                                                         

6 rows selected.

SQL> select
  2  delete from Department where Dept_no=60;
delete from Department where Dept_no=60
*
ERROR at line 2:
ORA-00936: missing expression 


SQL> delete from Department where LOCATION='Rajkot';

1 row deleted.

SQL> 
SQL> select * from Department;

   DEPT_NO DEPART_NAME          LOCATION                                                            
---------- -------------------- ---------------                                                     
        10 IT                   Anand                                                               
        20 Sales                Bombay                                                              
        30 Purchase             Surat                                                               
        40 Finance              Anand                                                               
        50 Marketing            Surat                                                               

SQL> select DISTINCT salary from Employee;

    SALARY                                                                                          
----------                                                                                          
     12000                                                                                          
     90000                                                                                          
     14650                                                                                          
     15000                                                                                          
    124000                                                                                          
     30000                                                                                          
     18000                                                                                          
     85000                                                                                          
     35000                                                                                          
     17000                                                                                          

10 rows selected.

SQL> select * from Employee where year(HIRE_DATE)BETWEEN 1990 AND 1999;
select * from Employee where year(HIRE_DATE)BETWEEN 1990 AND 1999
                             *
ERROR at line 1:
ORA-00904: "YEAR": invalid identifier 


SQL> select * from Employee where YEAR(HIRE_DATE)BETWEEN 1990 AND 1999;
select * from Employee where YEAR(HIRE_DATE)BETWEEN 1990 AND 1999
                             *
ERROR at line 1:
ORA-00904: "YEAR": invalid identifier 


SQL> SELECT *
  2  FROM Employee
  3  WHERE HIRE_DATE >= DATE '1990-01-01'
  4    AND HIRE_DATE < DATE '2000-01-01';

    EMP_ID EMP_NAME             POST           MER_ID HIRE_DATE     SALARY COMMISSION    DEPT_ID    
---------- -------------------- ---------- ---------- --------- ---------- ---------- ----------    
     12345 Bansi padia          clerk                 18-NOV-90      15000                    10    
     13254 Radha Sharma         Salesman        12345 25-NOV-90      12000       4000         20    
     13457 Suraj prakash        Salesman        12345 12-AUG-92      14650       1700         30    
     14567 Seema Lava           Programmer      13654 17-JUL-94      35000                    10    
     16754 Krupa Vala           Programmer      13654 13-AUG-92      30000                    10    
     14562 Kalpana Joshi        clerk                 17-SEP-90      17000                    40    
     12435 Kevel Raval          Salesman        12345 17-OCT-90      18000       6500         20    
     13654 Parth Vasoya         Analyst         12675 27-DEC-95      90000                    10    
     18654 Ramesh Vasoya        Analyst         12675 15-MAY-93      85000                    10    

9 rows selected.

SQL> create table order_detail(order_no number(10), order_date Date, Item varchar2(20), Item_price number(10), Discount number(5));

Table created.

SQL> insert into order_detail values(101, to_date('2024-01-10','yyyy-mm-dd'),'Mouse',800,5);

1 row created.

SQL> select * from order_detail;

  ORDER_NO ORDER_DAT ITEM                 ITEM_PRICE   DISCOUNT                                     
---------- --------- -------------------- ---------- ----------                                     
       101 10-JAN-24 Mouse                       800          5                                     

SQL> insert into order_detail values(102, to_date('2024-02
  2  
